[    2913ms] [ERROR] Attestation check for Shared Storage on https://www.googleadservices.com failed. @ https://www.googleadservices.com/pagead/managed/js/activeview/current/reach_worklet.html:0
[    2932ms] [ERROR] Attestation check for Shared Storage on https://www.googleadservices.com failed. @ https://www.googleadservices.com/pagead/managed/js/activeview/current/reach_worklet.html:0
[   18631ms] [LOG] %c EvalError
    at pO (https://client.px-cloud.net/PXVl48pWoc/main.min.js:2:66551)
    at rM (https://client.px-cloud.net/PXVl48pWoc/main.min.js:3:160)
    at Iv (https://client.px-cloud.net/PXVl48pWoc/main.min.js:3:139423)
    at It (https://client.px-cloud.net/PXVl48pWoc/main.min.js:3:139056)
    at https://client.px-cloud.net/PXVl48pWoc/main.min.js:3:140792
    at https://client.px-cloud.net/PXVl48pWoc/main.min.js:3:140798
    at https://client.px-cloud.net/PXVl48pWoc/main.min.js:3:141263 @ https://client.px-cloud.net/PXVl48pWoc/main.min.js:1
[   18922ms] [ERROR] Framing 'https://client.wra-api.net/' violates the following Content Security Policy directive: "frame-src 'self' https://*.px-cloud.net https://*.px-cdn.net https://crcldu.com". The request has been blocked.
 @ https://client.px-cloud.net/:0
[   18944ms] [WARNING] Failed to execute 'postMessage' on 'DOMWindow': The target origin provided ('https://client.wra-api.net') does not match the recipient window's origin ('null'). @ https://client.px-cloud.net/PXVl48pWoc/main.min.js:2
[   19384ms] [WARNING] Cannot download icons after the webpage has been closed (web app manifest "https://pay.google.com/gp/p/web_manifest.json" for payment handler manifest "https://google.com/pay"). @ https://uniontestprep.com/ccrn/products#offer:0
[   19384ms] [ERROR] Failed to download or decode a non-empty icon for payment app with "https://pay.google.com/gp/p/web_manifest.json" manifest. @ https://uniontestprep.com/ccrn/products#offer:0
[   23666ms] [ERROR] Attestation check for Shared Storage on https://www.googleadservices.com failed. @ https://www.googleadservices.com/pagead/managed/js/activeview/current/reach_worklet.html:0
[   23666ms] [ERROR] Attestation check for Shared Storage on https://www.googleadservices.com failed. @ https://www.googleadservices.com/pagead/managed/js/activeview/current/reach_worklet.html:0
[   23791ms] [ERROR] Attestation check for Shared Storage on https://www.googleadservices.com failed. @ https://www.googleadservices.com/pagead/managed/js/activeview/current/reach_worklet.html:0
[   29446ms] [VERBOSE] [DOM] Password field is not contained in a form: (More info: https://goo.gl/9p2vKq) %o @ https://accounts.google.com/v3/signin/identifier?opparams=%253F&dsh=S976703854%3A1779265120886935&access_type=offline&client_id=339287162540-dhnvlic7i1pa8cfevu4gkc5uefqdqvme.apps.googleusercontent.com&o2v=1&redirect_uri=https%3A%2F%2Funiontestprep.com%2Fauth%2Fgoogle_oauth2%2Fcallback&response_type=code&scope=email+profile&service=lso&state=53285455cb4100548d308e2dcc073249fae42f5e2569b837&flowName=GeneralOAuthFlow&continue=https%3A%2F%2Faccounts.google.com%2Fsignin%2Foauth%2Fconsent%3Fauthuser%3Dunknown%26part%3DAJi8hANqKlaWu8cAWpsis-o1bgA_FN6XIpQNIf5IC2-O5Iq3RZOCCUYLuOE9S3dwbCEaQlyo2gUEzaMuvcVb1r2A7BuOGap6cJcTnFdc-OP1PxlXiOlf4YId87pcuNET7ROpdXJy6lUZBmA78H9QrY26wetCNpM3PkCBEkIdbhlfa9GtNSVg1aE5V_3kCWarSEpD22yGJWiI9wUfwyGcMrr2GvXBBb76BEdB0WrXgN_tRqLTwkQGnqh2h8JbvCmaK1LLhohgU8u7Suw6EhOxmGbYuXdcVBwvGYEioL2XP_lmn03GzhRC6sN1VxE2U1qww381313TjGcMfX3UmSZ4yrbqMFzNyDCidfre8Cf6_7V_HW35CaTca9mXagBXCwNwC1iOpSRGSS9l4LZP0PBFDa_b9eVAyztqMlVy41Kmu5vPQBEHr0kIL9AsjwhrsGFHgWfUiwGosJhcz24IWE71or81-8qOImFryQ%26flowName%3DGeneralOAuthFlow%26as%3DS976703854%253A1779265120886935%26client_id%3D339287162540-dhnvlic7i1pa8cfevu4gkc5uefqdqvme.apps.googleusercontent.com%26requestPath%3D%252Fsignin%252Foauth%252Fconsent%23&app_domain=https%3A%2F%2Funiontestprep.com&rart=ANgoxccIXDYoCasOaIgc1zRSwH8fSwP6AcZpuS5LjX_ueyYraw_79MKb3E8dquMvnb99H5usZrNevst4ZUIwC7fdBAyiBZuV0jhvYgE-_JHum-inpezqEaU:0
[   29457ms] [LOG] %c%s color: red; background: yellow; font-size: 24px; WARNING! @ https://www.gstatic.com/_/mss/boq-identity/_/js/k=boq-identity.AccountsSignInUi.en_US.alsf3k9Xrdw.es5.O/am=iW8AAACE4hwhA4D__38DAAggiA74ngVoAoQMAAAAAAAAAABYAgAAjQ/d=1/excm=_b,_tp,identifierview/ed=1/dg=0/wt=2/ujg=1/rs=AOaEmlGKwIjKnia3PSXTzzIaEMPoHLZGWA/dti=1/m=_b,_tp:545
[   29457ms] [LOG] %c%s font-size: 18px; Using this console may allow attackers to impersonate you and steal your information using an attack called Self-XSS.
Do not enter or paste code that you do not understand. @ https://www.gstatic.com/_/mss/boq-identity/_/js/k=boq-identity.AccountsSignInUi.en_US.alsf3k9Xrdw.es5.O/am=iW8AAACE4hwhA4D__38DAAggiA74ngVoAoQMAAAAAAAAAABYAgAAjQ/d=1/excm=_b,_tp,identifierview/ed=1/dg=0/wt=2/ujg=1/rs=AOaEmlGKwIjKnia3PSXTzzIaEMPoHLZGWA/dti=1/m=_b,_tp:545
[  111288ms] [LOG] %c%s color: red; background: yellow; font-size: 24px; WARNING! @ https://www.gstatic.com/_/mss/boq-identity/_/js/k=boq-identity.AccountsSignInUi.en.JhxErr_badU.es5.O/am=iW8AAACE4hwhA4D__38DAAggiA74ngVoAoQMAAAAAAAAAABYAgAAjQ/d=1/excm=_b,_tp,accountchooserview/ed=1/dg=0/wt=2/ujg=1/rs=AOaEmlEbAQn9Tqfk5Ey9FN0RcOsYwWxAVQ/dti=1/m=_b,_tp:545
[  111288ms] [LOG] %c%s font-size: 18px; Using this console may allow attackers to impersonate you and steal your information using an attack called Self-XSS.
Do not enter or paste code that you do not understand. @ https://www.gstatic.com/_/mss/boq-identity/_/js/k=boq-identity.AccountsSignInUi.en.JhxErr_badU.es5.O/am=iW8AAACE4hwhA4D__38DAAggiA74ngVoAoQMAAAAAAAAAABYAgAAjQ/d=1/excm=_b,_tp,accountchooserview/ed=1/dg=0/wt=2/ujg=1/rs=AOaEmlEbAQn9Tqfk5Ey9FN0RcOsYwWxAVQ/dti=1/m=_b,_tp:545
[  113104ms] [LOG] %c%s color: red; background: yellow; font-size: 24px; WARNING! @ https://www.gstatic.com/_/mss/boq-identity/_/js/k=boq-identity.OAuthUi.en.Ys6eOG9sKOw.es5.O/am=8kMAAADwDGAA8P__N4AgOvCeAQoQAAAAAAAAAAAMAAAR/d=1/excm=_b,_tp,attributesview/ed=1/dg=0/wt=2/ujg=1/rs=AOaEmlHHnF3LBHKqvHiZRXKfg1PZvxhJKw/dti=1/m=_b,_tp:531
[  113104ms] [LOG] %c%s font-size: 18px; Using this console may allow attackers to impersonate you and steal your information using an attack called Self-XSS.
Do not enter or paste code that you do not understand. @ https://www.gstatic.com/_/mss/boq-identity/_/js/k=boq-identity.OAuthUi.en.Ys6eOG9sKOw.es5.O/am=8kMAAADwDGAA8P__N4AgOvCeAQoQAAAAAAAAAAAMAAAR/d=1/excm=_b,_tp,attributesview/ed=1/dg=0/wt=2/ujg=1/rs=AOaEmlHHnF3LBHKqvHiZRXKfg1PZvxhJKw/dti=1/m=_b,_tp:531
[  129846ms] [ERROR] Attestation check for Shared Storage on https://www.googleadservices.com failed. @ https://www.googleadservices.com/pagead/managed/js/activeview/current/reach_worklet.html:0
[  129846ms] [ERROR] Attestation check for Shared Storage on https://www.googleadservices.com failed. @ https://www.googleadservices.com/pagead/managed/js/activeview/current/reach_worklet.html:0
[  129938ms] [ERROR] Attestation check for Shared Storage on https://www.googleadservices.com failed. @ https://www.googleadservices.com/pagead/managed/js/activeview/current/reach_worklet.html:0
[  133138ms] [ERROR] Failed to load resource: the server responded with a status of 503 () @ https://uniontestprep.com/ccrn/study-guide:0
[  135964ms] [ERROR] Attestation check for Shared Storage on https://www.googleadservices.com failed. @ https://www.googleadservices.com/pagead/managed/js/activeview/current/reach_worklet.html:0
[  140698ms] [ERROR] Attestation check for Shared Storage on https://www.googleadservices.com failed. @ https://www.googleadservices.com/pagead/managed/js/activeview/current/reach_worklet.html:0
[  154472ms] [ERROR] Attestation check for Shared Storage on https://www.googleadservices.com failed. @ https://www.googleadservices.com/pagead/managed/js/activeview/current/reach_worklet.html:0
[  154508ms] [ERROR] Access to XMLHttpRequest at 'https://ep1.adtrafficquality.google/getconfig/sodar?sv=200&tid=gda&tv=r20260519&st=env&sjk=1048107227693321' from origin 'https://uniontestprep.com' has been blocked by CORS policy: No 'Access-Control-Allow-Origin' header is present on the requested resource. @ https://uniontestprep.com/ccrn/study-guide/cardiovascular/pages/2:0
[  154508ms] [ERROR] Failed to load resource: net::ERR_FAILED @ https://ep1.adtrafficquality.google/getconfig/sodar?sv=200&tid=gda&tv=r20260519&st=env&sjk=1048107227693321:0
[  156763ms] [ERROR] Attestation check for Shared Storage on https://www.googleadservices.com failed. @ https://www.googleadservices.com/pagead/managed/js/activeview/current/reach_worklet.html:0
[  162964ms] [LOG] %c EvalError
    at pO (https://client.px-cloud.net/PXVl48pWoc/main.min.js:2:66551)
    at rM (https://client.px-cloud.net/PXVl48pWoc/main.min.js:3:160)
    at Iv (https://client.px-cloud.net/PXVl48pWoc/main.min.js:3:139423)
    at It (https://client.px-cloud.net/PXVl48pWoc/main.min.js:3:139056)
    at https://client.px-cloud.net/PXVl48pWoc/main.min.js:3:140792
    at https://client.px-cloud.net/PXVl48pWoc/main.min.js:3:140798
    at https://client.px-cloud.net/PXVl48pWoc/main.min.js:3:141263 @ https://client.px-cloud.net/PXVl48pWoc/main.min.js:1
[  163133ms] [ERROR] Framing 'https://client.wra-api.net/' violates the following Content Security Policy directive: "frame-src 'self' https://*.px-cloud.net https://*.px-cdn.net https://crcldu.com". The request has been blocked.
 @ https://client.px-cloud.net/:0
[  163154ms] [WARNING] Failed to execute 'postMessage' on 'DOMWindow': The target origin provided ('https://client.wra-api.net') does not match the recipient window's origin ('null'). @ https://client.px-cloud.net/PXVl48pWoc/main.min.js:2
[  166390ms] [ERROR] Attestation check for Shared Storage on https://www.googleadservices.com failed. @ https://www.googleadservices.com/pagead/managed/js/activeview/current/reach_worklet.html:0
[  168641ms] [ERROR] Attestation check for Shared Storage on https://www.googleadservices.com failed. @ https://www.googleadservices.com/pagead/managed/js/activeview/current/reach_worklet.html:0
[  169601ms] [ERROR] Attestation check for Shared Storage on https://www.googleadservices.com failed. @ https://www.googleadservices.com/pagead/managed/js/activeview/current/reach_worklet.html:0
[  170797ms] [ERROR] Attestation check for Shared Storage on https://www.googleadservices.com failed. @ https://www.googleadservices.com/pagead/managed/js/activeview/current/reach_worklet.html:0
[  170797ms] [ERROR] Attestation check for Shared Storage on https://www.googleadservices.com failed. @ https://www.googleadservices.com/pagead/managed/js/activeview/current/reach_worklet.html:0
[  170897ms] [ERROR] Attestation check for Shared Storage on https://www.googleadservices.com failed. @ https://www.googleadservices.com/pagead/managed/js/activeview/current/reach_worklet.html:0
[  171140ms] [TIMEEND] a: 0.01806640625 ms @ https://static.adsafeprotected.com/sca.17.6.4.js:31
[  173200ms] [ERROR] Failed to load resource: the server responded with a status of 404 () @ https://googleads.g.doubleclick.net/pagead/html/r20260519/r20190131/mraid.js:0
[  173331ms] [ERROR] Refused to execute script from 'https://googleads.g.doubleclick.net/pagead/html/r20260519/r20190131/mraid.js' because its MIME type ('text/html') is not executable, and strict MIME type checking is enabled. @ https://googleads.g.doubleclick.net/pagead/html/r20260519/r20190131/zrt_lookup_fy2021.html:0
[  173409ms] [ERROR] Attestation check for Shared Storage on https://www.googleadservices.com failed. @ https://www.googleadservices.com/pagead/managed/js/activeview/current/reach_worklet.html:0
